// Jest Snapshot v1, https://goo.gl/fbAQLP

exports[`<Map/> render 1`] = `
<div
  id="map"
  style={
    Object {
      "height": "calc(100vh - 185px)",
      "width": "100%",
    }
  }
/>
`;
